../Core/Src/main.c:77:5:main	80	static
../Core/Src/main.c:133:6:SystemClock_Config	88	static
../Core/Src/main.c:177:13:MX_ADC1_Init	56	static
../Core/Src/main.c:241:13:MX_ADC2_Init	40	static
../Core/Src/main.c:297:13:MX_LPUART1_UART_Init	8	static
../Core/Src/main.c:341:13:MX_TIM16_Init	8	static
../Core/Src/main.c:371:13:MX_TIM17_Init	8	static
../Core/Src/main.c:401:13:MX_GPIO_Init	48	static
../Core/Src/main.c:453:6:unknown	32	static
../Core/Src/main.c:480:6:safestate	8	static
../Core/Src/main.c:485:6:undervoltage	8	static
../Core/Src/main.c:490:6:overvoltage	8	static
../Core/Src/main.c:495:6:sensor	40	static
../Core/Src/main.c:510:6:HAL_GPIO_EXTI_Callback	16	static
../Core/Src/main.c:516:6:HAL_TIM_PeriodElapsedCallback	16	static
../Core/Src/main.c:548:6:Error_Handler	4	static,ignoring_inline_asm
