../Core/Src/main.c:88:5:main	80	static
../Core/Src/main.c:162:6:SystemClock_Config	88	static
../Core/Src/main.c:206:13:MX_ADC1_Init	56	static
../Core/Src/main.c:270:13:MX_ADC2_Init	40	static
../Core/Src/main.c:326:13:MX_LPUART1_UART_Init	8	static
../Core/Src/main.c:370:13:MX_TIM16_Init	8	static
../Core/Src/main.c:400:13:MX_TIM17_Init	8	static
../Core/Src/main.c:430:13:MX_GPIO_Init	48	static
../Core/Src/main.c:478:6:unknown	32	static
../Core/Src/main.c:508:6:safestate	8	static
../Core/Src/main.c:513:6:undervoltage	8	static
../Core/Src/main.c:518:6:overvoltage	8	static
../Core/Src/main.c:523:6:sensor	40	static
../Core/Src/main.c:543:6:HAL_GPIO_EXTI_Callback	16	static
../Core/Src/main.c:549:6:HAL_TIM_PeriodElapsedCallback	16	static
../Core/Src/main.c:568:6:Error_Handler	4	static,ignoring_inline_asm
